--- FPAD_ASSIGN Execution Log (2026-04-21 18:21:49.066434) ---
Project: PRJ_QFN24
[INFO ] Log file initialized: ./PRJ_QFN24.log
[INFO ] Reading Pin List: examples/example.pin_list
[INFO ] Loaded 27 entries from pin list.
[INFO ] Performing Sanity Check on Pin List...
[INFO ] Side L check passed: 6 pins.
[INFO ] Side B check passed: 6 pins.
[ERROR] Sanity Check Failed for Side R:
[ERROR]   - Expected from PACKAGE definition: 6
[ERROR]   - Actual unique PIN_NUMs in list:   5
[ERROR]   - Missing or extra pins on Side R detected!
[ERROR] Sanity Check Failed for Side T:
[ERROR]   - Expected from PACKAGE definition: 6
[ERROR]   - Actual unique PIN_NUMs in list:   7
[ERROR]   - Missing or extra pins on Side T detected!
[INFO ] Pin list sanity check complete.
[INFO ] Reading Verilog: examples/example_top.v
[INFO ] Reading Verilog: examples/qfn64_top.v
[INFO ] Bridging data and re-indexing DIE_PAD_NUM...
[INFO ] Running Stagger Density Check...
[INFO ] Report saved: ./PRJ_QFN24_stagger.rpt
[INFO ] Generating completed list: ./PRJ_QFN24.new
[INFO ] Generating Innovus IO Constraint: ./PRJ_QFN24_chip.inn.const
[INFO ] Generating ICC2 IO Constraint: ./PRJ_QFN24_chip.icc2.const
[INFO ] Generating APR Diagram: ./PRJ_QFN24_apr.pdf
[INFO ] Generating PKG Diagram: ./PRJ_QFN24_pkg.pdf
[INFO ] Generating Combined (PKG+APR) Diagram with Bonding Wires...
[INFO ] Execution successful.
